OK 22
   ('sh601006', '大秦铁路', 2610, '2016-01-04')
   ('sh601111', '中国国航', 2609, '2016-01-04')
   ('sh600018', '上港集团', 2607, '2016-01-04')
   ('sh601872', '招商轮船', 2510, '2016-01-04')
   ('sz000002', '万科A', 2484, '2016-07-04')
   ('sh600383', '金地集团', 2609, '2016-01-04')
   ('sz001979', '招商蛇口', 2594, '2016-01-04')
   ('sh601186', '中国铁建', 2610, '2016-01-04')
   ('sh601800', '中国交建', 2610, '2016-01-04')
   ('sz000876', '新希望', 2567, '2016-03-02')
   ('sh600598', '北大荒', 2610, '2016-01-04')
   ('sh600886', '国投电力', 2610, '2016-01-04')
   ('sh601985', '中国核电', 2610, '2016-01-04')
   ('sh600025', '华能水电', 2133, '2017-12-15')
   ('sh600893', '航发动力', 2579, '2016-01-04')
   ('sz000768', '中航西飞', 2610, '2016-01-04')
   ('sz000063', '中兴通讯', 2539, '2016-01-04')
   ('sh600050', '中国联通', 2515, '2016-01-04')
   ('sz000157', '中联重科', 2610, '2016-01-04')
   ('sh600309', '万华化学', 2485, '2016-01-04')
   ('sh600019', '宝钢股份', 2518, '2016-01-04')
   ('sh601225', '陕西煤业', 2610, '2016-01-04')
BAD 0
EXT_FETCH_DONE
